majduk@majduk-linux:~/workspaces/amg1/gdc-iac-helm/tools/helm_cli$ ./helm_cli.py upgrade ../../examples/atl167/d4-backup-2.yaml -v --api=global --namespace=iac-root
2026-03-18 10:04:58 - INFO - Processing file ../../examples/atl167/d4-backup-2.yaml
2026-03-18 10:04:58 - DEBUG - process_type global/iam-roles
2026-03-18 10:04:58 - DEBUG - process_type global/billing
2026-03-18 10:04:58 - DEBUG - process_type global/projects
2026-03-18 10:04:58 - DEBUG - upgrade object global/projects/data-ets-backup
2026-03-18 10:04:58 - DEBUG - projects:
- name: data-ets-backup
  namespace: platform

2026-03-18 10:04:58 - INFO - helm --debug upgrade --install global-projects-data-ets-backup ../../charts/gdc-projects -f /tmp/tmppfnvwnsf.yaml --namespace=iac-root
history.go:56: 2026-03-18 10:05:00.941036511 +0000 UTC m=+2.126694533 [debug] getting history for release global-projects-data-ets-backup
install.go:225: 2026-03-18 10:05:01.062601577 +0000 UTC m=+2.248259579 [debug] Original chart version: ""
install.go:242: 2026-03-18 10:05:01.062720797 +0000 UTC m=+2.248378809 [debug] CHART PATH: /usr/local/google/home/majduk/workspaces/amg1/gdc-iac-helm/charts/gdc-projects

client.go:144: 2026-03-18 10:05:02.44127489 +0000 UTC m=+3.626932892 [debug] creating 1 resource(s)
2026-03-18 10:05:03 - INFO - Helm upgrade global-projects-data-ets-backup finished
2026-03-18 10:05:03 - INFO - Release "global-projects-data-ets-backup" does not exist. Installing it now.
NAME: global-projects-data-ets-backup
LAST DEPLOYED: Wed Mar 18 10:05:01 2026
NAMESPACE: iac-root
STATUS: deployed
REVISION: 1
TEST SUITE: None
USER-SUPPLIED VALUES:
projects:
- name: data-ets-backup
  namespace: platform

COMPUTED VALUES:
projects:
- name: data-ets-backup
  namespace: platform

HOOKS:
MANIFEST:
---
# Source: gdc-projects/templates/project.yaml
apiVersion: resourcemanager.global.gdc.goog/v1
kind: Project
metadata:
  name: "data-ets-backup"
  namespace: "platform"


2026-03-18 10:05:03 - DEBUG - process_type global/projects/TYPE_SCOPE
2026-03-18 10:05:03 - DEBUG - process_type global/projects/IAC
2026-03-18 10:05:03 - DEBUG - upgrade iac data-ets-backup/IAC
2026-03-18 10:05:03 - DEBUG - iamrolebindings:
- role: project-iam-admin
  subject_kind: User
  subject_name: fop-iac001@example.com
- role: project-bucket-admin
  subject_kind: User
  subject_name: fop-iac001@example.com
- role: project-networkpolicy-admin
  subject_kind: User
  subject_name: fop-iac001@example.com
- role: harbor-instance-admin
  subject_kind: User
  subject_name: fop-iac001@example.com
- role: harbor-project-creator
  subject_kind: User
  subject_name: fop-iac001@example.com
- role: standard-cluster-admin
  subject_kind: User
  subject_name: fop-iac001@example.com
- role: workbench-notebooks-admin
  subject_kind: User
  subject_name: fop-iac001@example.com
- role: project-iam-admin
  subject_kind: ServiceAccount
  subject_name: system:serviceaccount:iac-root:iac001-sa
- role: project-bucket-admin
  subject_kind: ServiceAccount
  subject_name: system:serviceaccount:iac-root:iac001-sa
- role: project-networkpolicy-admin
  subject_kind: ServiceAccount
  subject_name: system:serviceaccount:iac-root:iac001-sa
- role: harbor-instance-admin
  subject_kind: ServiceAccount
  subject_name: system:serviceaccount:iac-root:iac001-sa
- role: harbor-project-creator
  subject_kind: ServiceAccount
  subject_name: system:serviceaccount:iac-root:iac001-sa
- role: standard-cluster-admin
  subject_kind: ServiceAccount
  subject_name: system:serviceaccount:iac-root:iac001-sa
- role: workbench-notebooks-admin
  subject_kind: ServiceAccount
  subject_name: system:serviceaccount:iac-root:iac001-sa
namespace: data-ets-backup

2026-03-18 10:05:03 - INFO - helm --debug upgrade --install data-ets-backup-iac ../../charts/gdc-iac -f /tmp/tmp0obyd5_k.yaml --namespace=iac-root
history.go:56: 2026-03-18 10:05:05.256751509 +0000 UTC m=+2.066434220 [debug] getting history for release data-ets-backup-iac
install.go:225: 2026-03-18 10:05:05.383420836 +0000 UTC m=+2.193103537 [debug] Original chart version: ""
install.go:242: 2026-03-18 10:05:05.383505246 +0000 UTC m=+2.193187937 [debug] CHART PATH: /usr/local/google/home/majduk/workspaces/amg1/gdc-iac-helm/charts/gdc-iac

client.go:144: 2026-03-18 10:05:08.388559756 +0000 UTC m=+5.198242457 [debug] creating 14 resource(s)
2026-03-18 10:05:08 - INFO - Helm upgrade data-ets-backup-iac finished
2026-03-18 10:05:08 - INFO - Release "data-ets-backup-iac" does not exist. Installing it now.
NAME: data-ets-backup-iac
LAST DEPLOYED: Wed Mar 18 10:05:05 2026
NAMESPACE: iac-root
STATUS: deployed
REVISION: 1
TEST SUITE: None
USER-SUPPLIED VALUES:
iamrolebindings:
- role: project-iam-admin
  subject_kind: User
  subject_name: fop-iac001@example.com
- role: project-bucket-admin
  subject_kind: User
  subject_name: fop-iac001@example.com
- role: project-networkpolicy-admin
  subject_kind: User
  subject_name: fop-iac001@example.com
- role: harbor-instance-admin
  subject_kind: User
  subject_name: fop-iac001@example.com
- role: harbor-project-creator
  subject_kind: User
  subject_name: fop-iac001@example.com
- role: standard-cluster-admin
  subject_kind: User
  subject_name: fop-iac001@example.com
- role: workbench-notebooks-admin
  subject_kind: User
  subject_name: fop-iac001@example.com
- role: project-iam-admin
  subject_kind: ServiceAccount
  subject_name: system:serviceaccount:iac-root:iac001-sa
- role: project-bucket-admin
  subject_kind: ServiceAccount
  subject_name: system:serviceaccount:iac-root:iac001-sa
- role: project-networkpolicy-admin
  subject_kind: ServiceAccount
  subject_name: system:serviceaccount:iac-root:iac001-sa
- role: harbor-instance-admin
  subject_kind: ServiceAccount
  subject_name: system:serviceaccount:iac-root:iac001-sa
- role: harbor-project-creator
  subject_kind: ServiceAccount
  subject_name: system:serviceaccount:iac-root:iac001-sa
- role: standard-cluster-admin
  subject_kind: ServiceAccount
  subject_name: system:serviceaccount:iac-root:iac001-sa
- role: workbench-notebooks-admin
  subject_kind: ServiceAccount
  subject_name: system:serviceaccount:iac-root:iac001-sa
namespace: data-ets-backup

COMPUTED VALUES:
iamrolebindings:
- role: project-iam-admin
  subject_kind: User
  subject_name: fop-iac001@example.com
- role: project-bucket-admin
  subject_kind: User
  subject_name: fop-iac001@example.com
- role: project-networkpolicy-admin
  subject_kind: User
  subject_name: fop-iac001@example.com
- role: harbor-instance-admin
  subject_kind: User
  subject_name: fop-iac001@example.com
- role: harbor-project-creator
  subject_kind: User
  subject_name: fop-iac001@example.com
- role: standard-cluster-admin
  subject_kind: User
  subject_name: fop-iac001@example.com
- role: workbench-notebooks-admin
  subject_kind: User
  subject_name: fop-iac001@example.com
- role: project-iam-admin
  subject_kind: ServiceAccount
  subject_name: system:serviceaccount:iac-root:iac001-sa
- role: project-bucket-admin
  subject_kind: ServiceAccount
  subject_name: system:serviceaccount:iac-root:iac001-sa
- role: project-networkpolicy-admin
  subject_kind: ServiceAccount
  subject_name: system:serviceaccount:iac-root:iac001-sa
- role: harbor-instance-admin
  subject_kind: ServiceAccount
  subject_name: system:serviceaccount:iac-root:iac001-sa
- role: harbor-project-creator
  subject_kind: ServiceAccount
  subject_name: system:serviceaccount:iac-root:iac001-sa
- role: standard-cluster-admin
  subject_kind: ServiceAccount
  subject_name: system:serviceaccount:iac-root:iac001-sa
- role: workbench-notebooks-admin
  subject_kind: ServiceAccount
  subject_name: system:serviceaccount:iac-root:iac001-sa
namespace: data-ets-backup

HOOKS:
MANIFEST:
---
# Source: gdc-iac-role-bindings/templates/iamrolebinding.yaml
apiVersion: iam.global.gdc.goog/v1
kind: IAMRoleBinding
metadata:
  name: fop-iac001-example-com--project-iam-admin
  namespace: "data-ets-backup"
spec:
  roleRef:
    apiGroup: iam.global.gdc.goog/v1
    kind: IAMRole
    name: "project-iam-admin"
  subjects:
  - apiGroup: rbac.authorization.k8s.io
    kind: "User"
    name: "fop-iac001@example.com"
---
# Source: gdc-iac-role-bindings/templates/iamrolebinding.yaml
apiVersion: iam.global.gdc.goog/v1
kind: IAMRoleBinding
metadata:
  name: fop-iac001-example-com--project-bucket-admin
  namespace: "data-ets-backup"
spec:
  roleRef:
    apiGroup: iam.global.gdc.goog/v1
    kind: IAMRole
    name: "project-bucket-admin"
  subjects:
  - apiGroup: rbac.authorization.k8s.io
    kind: "User"
    name: "fop-iac001@example.com"
---
# Source: gdc-iac-role-bindings/templates/iamrolebinding.yaml
apiVersion: iam.global.gdc.goog/v1
kind: IAMRoleBinding
metadata:
  name: fop-iac001-example-com--project-networkpolicy-admin
  namespace: "data-ets-backup"
spec:
  roleRef:
    apiGroup: iam.global.gdc.goog/v1
    kind: IAMRole
    name: "project-networkpolicy-admin"
  subjects:
  - apiGroup: rbac.authorization.k8s.io
    kind: "User"
    name: "fop-iac001@example.com"
---
# Source: gdc-iac-role-bindings/templates/iamrolebinding.yaml
apiVersion: iam.global.gdc.goog/v1
kind: IAMRoleBinding
metadata:
  name: fop-iac001-example-com--harbor-instance-admin
  namespace: "data-ets-backup"
spec:
  roleRef:
    apiGroup: iam.global.gdc.goog/v1
    kind: IAMRole
    name: "harbor-instance-admin"
  subjects:
  - apiGroup: rbac.authorization.k8s.io
    kind: "User"
    name: "fop-iac001@example.com"
---
# Source: gdc-iac-role-bindings/templates/iamrolebinding.yaml
apiVersion: iam.global.gdc.goog/v1
kind: IAMRoleBinding
metadata:
  name: fop-iac001-example-com--harbor-project-creator
  namespace: "data-ets-backup"
spec:
  roleRef:
    apiGroup: iam.global.gdc.goog/v1
    kind: IAMRole
    name: "harbor-project-creator"
  subjects:
  - apiGroup: rbac.authorization.k8s.io
    kind: "User"
    name: "fop-iac001@example.com"
---
# Source: gdc-iac-role-bindings/templates/iamrolebinding.yaml
apiVersion: iam.global.gdc.goog/v1
kind: IAMRoleBinding
metadata:
  name: fop-iac001-example-com--standard-cluster-admin
  namespace: "data-ets-backup"
spec:
  roleRef:
    apiGroup: iam.global.gdc.goog/v1
    kind: IAMRole
    name: "standard-cluster-admin"
  subjects:
  - apiGroup: rbac.authorization.k8s.io
    kind: "User"
    name: "fop-iac001@example.com"
---
# Source: gdc-iac-role-bindings/templates/iamrolebinding.yaml
apiVersion: iam.global.gdc.goog/v1
kind: IAMRoleBinding
metadata:
  name: fop-iac001-example-com--workbench-notebooks-admin
  namespace: "data-ets-backup"
spec:
  roleRef:
    apiGroup: iam.global.gdc.goog/v1
    kind: IAMRole
    name: "workbench-notebooks-admin"
  subjects:
  - apiGroup: rbac.authorization.k8s.io
    kind: "User"
    name: "fop-iac001@example.com"
---
# Source: gdc-iac-role-bindings/templates/iamrolebinding.yaml
apiVersion: iam.global.gdc.goog/v1
kind: IAMRoleBinding
metadata:
  name: system-serviceaccount-iac-root-iac001-sa--project-iam-admin
  namespace: "data-ets-backup"
spec:
  roleRef:
    apiGroup: iam.global.gdc.goog/v1
    kind: IAMRole
    name: "project-iam-admin"
  subjects:
  - apiGroup: rbac.authorization.k8s.io
    kind: "ServiceAccount"
    name: "system:serviceaccount:iac-root:iac001-sa"
---
# Source: gdc-iac-role-bindings/templates/iamrolebinding.yaml
apiVersion: iam.global.gdc.goog/v1
kind: IAMRoleBinding
metadata:
  name: system-serviceaccount-iac-root-iac001-sa--project-bucket-admin
  namespace: "data-ets-backup"
spec:
  roleRef:
    apiGroup: iam.global.gdc.goog/v1
    kind: IAMRole
    name: "project-bucket-admin"
  subjects:
  - apiGroup: rbac.authorization.k8s.io
    kind: "ServiceAccount"
    name: "system:serviceaccount:iac-root:iac001-sa"
---
# Source: gdc-iac-role-bindings/templates/iamrolebinding.yaml
apiVersion: iam.global.gdc.goog/v1
kind: IAMRoleBinding
metadata:
  name: system-serviceaccount-iac-root-iac001-sa--project-networkpolicy-admin
  namespace: "data-ets-backup"
spec:
  roleRef:
    apiGroup: iam.global.gdc.goog/v1
    kind: IAMRole
    name: "project-networkpolicy-admin"
  subjects:
  - apiGroup: rbac.authorization.k8s.io
    kind: "ServiceAccount"
    name: "system:serviceaccount:iac-root:iac001-sa"
---
# Source: gdc-iac-role-bindings/templates/iamrolebinding.yaml
apiVersion: iam.global.gdc.goog/v1
kind: IAMRoleBinding
metadata:
  name: system-serviceaccount-iac-root-iac001-sa--harbor-instance-admin
  namespace: "data-ets-backup"
spec:
  roleRef:
    apiGroup: iam.global.gdc.goog/v1
    kind: IAMRole
    name: "harbor-instance-admin"
  subjects:
  - apiGroup: rbac.authorization.k8s.io
    kind: "ServiceAccount"
    name: "system:serviceaccount:iac-root:iac001-sa"
---
# Source: gdc-iac-role-bindings/templates/iamrolebinding.yaml
apiVersion: iam.global.gdc.goog/v1
kind: IAMRoleBinding
metadata:
  name: system-serviceaccount-iac-root-iac001-sa--harbor-project-creator
  namespace: "data-ets-backup"
spec:
  roleRef:
    apiGroup: iam.global.gdc.goog/v1
    kind: IAMRole
    name: "harbor-project-creator"
  subjects:
  - apiGroup: rbac.authorization.k8s.io
    kind: "ServiceAccount"
    name: "system:serviceaccount:iac-root:iac001-sa"
---
# Source: gdc-iac-role-bindings/templates/iamrolebinding.yaml
apiVersion: iam.global.gdc.goog/v1
kind: IAMRoleBinding
metadata:
  name: system-serviceaccount-iac-root-iac001-sa--standard-cluster-admin
  namespace: "data-ets-backup"
spec:
  roleRef:
    apiGroup: iam.global.gdc.goog/v1
    kind: IAMRole
    name: "standard-cluster-admin"
  subjects:
  - apiGroup: rbac.authorization.k8s.io
    kind: "ServiceAccount"
    name: "system:serviceaccount:iac-root:iac001-sa"
---
# Source: gdc-iac-role-bindings/templates/iamrolebinding.yaml
apiVersion: iam.global.gdc.goog/v1
kind: IAMRoleBinding
metadata:
  name: system-serviceaccount-iac-root-iac001-sa--workbench-notebooks-admin
  namespace: "data-ets-backup"
spec:
  roleRef:
    apiGroup: iam.global.gdc.goog/v1
    kind: IAMRole
    name: "workbench-notebooks-admin"
  subjects:
  - apiGroup: rbac.authorization.k8s.io
    kind: "ServiceAccount"
    name: "system:serviceaccount:iac-root:iac001-sa"


2026-03-18 10:05:08 - DEBUG - process_type global/projects/iam-roles
2026-03-18 10:05:08 - DEBUG - process_type global/projects/iam-role-bindings
2026-03-18 10:05:08 - DEBUG - process_type global/projects/project-network-policies
2026-03-18 10:05:08 - DEBUG - process_type global/projects/billing
2026-03-18 10:09:56 - INFO - helm --debug upgrade --install data-ets-backup-buckets-d4-ets-s3-backup ../../charts/gdc-buckets -f /tmp/tmpwd3b1ip9.yaml --namespace=iac-root
history.go:56: 2026-03-18 10:09:58.092318556 +0000 UTC m=+1.871309278 [debug] getting history for release data-ets-backup-buckets-d4-ets-s3-backup
upgrade.go:164: 2026-03-18 10:09:58.520496453 +0000 UTC m=+2.299487165 [debug] preparing upgrade for data-ets-backup-buckets-d4-ets-s3-backup
upgrade.go:172: 2026-03-18 10:09:59.675541815 +0000 UTC m=+3.454532547 [debug] performing update for data-ets-backup-buckets-d4-ets-s3-backup
upgrade.go:375: 2026-03-18 10:10:00.421036348 +0000 UTC m=+4.200027080 [debug] creating upgraded release for data-ets-backup-buckets-d4-ets-s3-backup
client.go:388: 2026-03-18 10:10:00.861552015 +0000 UTC m=+4.640542727 [debug] checking 1 resources for changes
client.go:734: 2026-03-18 10:10:01.333671529 +0000 UTC m=+5.112662251 [debug] Patch Bucket "d4-ets-s3-backup" in namespace data-ets-backup
upgrade.go:180: 2026-03-18 10:10:01.865902548 +0000 UTC m=+5.644893260 [debug] updating status for upgraded release for data-ets-backup-buckets-d4-ets-s3-backup
2026-03-18 10:10:02 - INFO - Helm upgrade data-ets-backup-buckets-d4-ets-s3-backup finished
2026-03-18 10:10:02 - INFO - Release "data-ets-backup-buckets-d4-ets-s3-backup" has been upgraded. Happy Helming!
NAME: data-ets-backup-buckets-d4-ets-s3-backup
LAST DEPLOYED: Wed Mar 18 10:09:59 2026
NAMESPACE: iac-root
STATUS: deployed
REVISION: 2
TEST SUITE: None
USER-SUPPLIED VALUES:
buckets:
- location: us-east67-b
  name: d4-ets-s3-backup
  namespace: data-ets-backup

COMPUTED VALUES:
buckets:
- location: us-east67-b
  name: d4-ets-s3-backup
  namespace: data-ets-backup
location: lux-central1-b

HOOKS:
MANIFEST:
---
# Source: gdc-buckets/templates/bucket.yaml
apiVersion: object.gdc.goog/v1
kind: Bucket
metadata:
  name: "d4-ets-s3-backup"
  namespace: "data-ets-backup"
spec:
  bucketPolicy:
    corsPolicy:
      enableCorsPolicy: false
  description: ""
  location: "us-east67-b"
  storageClass: "Standard"


2026-03-18 10:10:02 - DEBUG - process_type us-east67-b/projects/notebooks
2026-03-18 10:10:02 - DEBUG - process_type us-east67-b/projects/harbors
2026-03-18 10:10:02 - DEBUG - process_type us-east67-b/projects/backup-repositories
